nnmbrgtb00 nnmbrgtb00 <nnmbrgtb00.pfb
nnmbrgtbo00 nnmbrgtb00 " .2 SlantFont " <nnmbrgtb00.pfb
nnmbrgtb01 nnmbrgtb01 <nnmbrgtb01.pfb
nnmbrgtbo01 nnmbrgtb01 " .2 SlantFont " <nnmbrgtb01.pfb
nnmbrgtb02 nnmbrgtb02 <nnmbrgtb02.pfb
nnmbrgtbo02 nnmbrgtb02 " .2 SlantFont " <nnmbrgtb02.pfb
nnmbrgtb03 nnmbrgtb03 <nnmbrgtb03.pfb
nnmbrgtbo03 nnmbrgtb03 " .2 SlantFont " <nnmbrgtb03.pfb
nnmbrgtb04 nnmbrgtb04 <nnmbrgtb04.pfb
nnmbrgtbo04 nnmbrgtb04 " .2 SlantFont " <nnmbrgtb04.pfb
nnmbrgtb20 nnmbrgtb20 <nnmbrgtb20.pfb
nnmbrgtbo20 nnmbrgtb20 " .2 SlantFont " <nnmbrgtb20.pfb
nnmbrgtb21 nnmbrgtb21 <nnmbrgtb21.pfb
nnmbrgtbo21 nnmbrgtb21 " .2 SlantFont " <nnmbrgtb21.pfb
nnmbrgtb22 nnmbrgtb22 <nnmbrgtb22.pfb
nnmbrgtbo22 nnmbrgtb22 " .2 SlantFont " <nnmbrgtb22.pfb
nnmbrgtb23 nnmbrgtb23 <nnmbrgtb23.pfb
nnmbrgtbo23 nnmbrgtb23 " .2 SlantFont " <nnmbrgtb23.pfb
nnmbrgtb24 nnmbrgtb24 <nnmbrgtb24.pfb
nnmbrgtbo24 nnmbrgtb24 " .2 SlantFont " <nnmbrgtb24.pfb
nnmbrgtb25 nnmbrgtb25 <nnmbrgtb25.pfb
nnmbrgtbo25 nnmbrgtb25 " .2 SlantFont " <nnmbrgtb25.pfb
nnmbrgtb26 nnmbrgtb26 <nnmbrgtb26.pfb
nnmbrgtbo26 nnmbrgtb26 " .2 SlantFont " <nnmbrgtb26.pfb
nnmbrgtb27 nnmbrgtb27 <nnmbrgtb27.pfb
nnmbrgtbo27 nnmbrgtb27 " .2 SlantFont " <nnmbrgtb27.pfb
nnmbrgtb30 nnmbrgtb30 <nnmbrgtb30.pfb
nnmbrgtbo30 nnmbrgtb30 " .2 SlantFont " <nnmbrgtb30.pfb
nnmbrgtb31 nnmbrgtb31 <nnmbrgtb31.pfb
nnmbrgtbo31 nnmbrgtb31 " .2 SlantFont " <nnmbrgtb31.pfb
nnmbrgtb32 nnmbrgtb32 <nnmbrgtb32.pfb
nnmbrgtbo32 nnmbrgtb32 " .2 SlantFont " <nnmbrgtb32.pfb
nnmbrgtb33 nnmbrgtb33 <nnmbrgtb33.pfb
nnmbrgtbo33 nnmbrgtb33 " .2 SlantFont " <nnmbrgtb33.pfb
nnmbrgtb4e nnmbrgtb4e <nnmbrgtb4e.pfb
nnmbrgtbo4e nnmbrgtb4e " .2 SlantFont " <nnmbrgtb4e.pfb
nnmbrgtb4f nnmbrgtb4f <nnmbrgtb4f.pfb
nnmbrgtbo4f nnmbrgtb4f " .2 SlantFont " <nnmbrgtb4f.pfb
nnmbrgtb50 nnmbrgtb50 <nnmbrgtb50.pfb
nnmbrgtbo50 nnmbrgtb50 " .2 SlantFont " <nnmbrgtb50.pfb
nnmbrgtb51 nnmbrgtb51 <nnmbrgtb51.pfb
nnmbrgtbo51 nnmbrgtb51 " .2 SlantFont " <nnmbrgtb51.pfb
nnmbrgtb52 nnmbrgtb52 <nnmbrgtb52.pfb
nnmbrgtbo52 nnmbrgtb52 " .2 SlantFont " <nnmbrgtb52.pfb
nnmbrgtb53 nnmbrgtb53 <nnmbrgtb53.pfb
nnmbrgtbo53 nnmbrgtb53 " .2 SlantFont " <nnmbrgtb53.pfb
nnmbrgtb54 nnmbrgtb54 <nnmbrgtb54.pfb
nnmbrgtbo54 nnmbrgtb54 " .2 SlantFont " <nnmbrgtb54.pfb
nnmbrgtb55 nnmbrgtb55 <nnmbrgtb55.pfb
nnmbrgtbo55 nnmbrgtb55 " .2 SlantFont " <nnmbrgtb55.pfb
nnmbrgtb56 nnmbrgtb56 <nnmbrgtb56.pfb
nnmbrgtbo56 nnmbrgtb56 " .2 SlantFont " <nnmbrgtb56.pfb
nnmbrgtb57 nnmbrgtb57 <nnmbrgtb57.pfb
nnmbrgtbo57 nnmbrgtb57 " .2 SlantFont " <nnmbrgtb57.pfb
nnmbrgtb58 nnmbrgtb58 <nnmbrgtb58.pfb
nnmbrgtbo58 nnmbrgtb58 " .2 SlantFont " <nnmbrgtb58.pfb
nnmbrgtb59 nnmbrgtb59 <nnmbrgtb59.pfb
nnmbrgtbo59 nnmbrgtb59 " .2 SlantFont " <nnmbrgtb59.pfb
nnmbrgtb5a nnmbrgtb5a <nnmbrgtb5a.pfb
nnmbrgtbo5a nnmbrgtb5a " .2 SlantFont " <nnmbrgtb5a.pfb
nnmbrgtb5b nnmbrgtb5b <nnmbrgtb5b.pfb
nnmbrgtbo5b nnmbrgtb5b " .2 SlantFont " <nnmbrgtb5b.pfb
nnmbrgtb5c nnmbrgtb5c <nnmbrgtb5c.pfb
nnmbrgtbo5c nnmbrgtb5c " .2 SlantFont " <nnmbrgtb5c.pfb
nnmbrgtb5d nnmbrgtb5d <nnmbrgtb5d.pfb
nnmbrgtbo5d nnmbrgtb5d " .2 SlantFont " <nnmbrgtb5d.pfb
nnmbrgtb5e nnmbrgtb5e <nnmbrgtb5e.pfb
nnmbrgtbo5e nnmbrgtb5e " .2 SlantFont " <nnmbrgtb5e.pfb
nnmbrgtb5f nnmbrgtb5f <nnmbrgtb5f.pfb
nnmbrgtbo5f nnmbrgtb5f " .2 SlantFont " <nnmbrgtb5f.pfb
nnmbrgtb60 nnmbrgtb60 <nnmbrgtb60.pfb
nnmbrgtbo60 nnmbrgtb60 " .2 SlantFont " <nnmbrgtb60.pfb
nnmbrgtb61 nnmbrgtb61 <nnmbrgtb61.pfb
nnmbrgtbo61 nnmbrgtb61 " .2 SlantFont " <nnmbrgtb61.pfb
nnmbrgtb62 nnmbrgtb62 <nnmbrgtb62.pfb
nnmbrgtbo62 nnmbrgtb62 " .2 SlantFont " <nnmbrgtb62.pfb
nnmbrgtb63 nnmbrgtb63 <nnmbrgtb63.pfb
nnmbrgtbo63 nnmbrgtb63 " .2 SlantFont " <nnmbrgtb63.pfb
nnmbrgtb64 nnmbrgtb64 <nnmbrgtb64.pfb
nnmbrgtbo64 nnmbrgtb64 " .2 SlantFont " <nnmbrgtb64.pfb
nnmbrgtb65 nnmbrgtb65 <nnmbrgtb65.pfb
nnmbrgtbo65 nnmbrgtb65 " .2 SlantFont " <nnmbrgtb65.pfb
nnmbrgtb66 nnmbrgtb66 <nnmbrgtb66.pfb
nnmbrgtbo66 nnmbrgtb66 " .2 SlantFont " <nnmbrgtb66.pfb
nnmbrgtb67 nnmbrgtb67 <nnmbrgtb67.pfb
nnmbrgtbo67 nnmbrgtb67 " .2 SlantFont " <nnmbrgtb67.pfb
nnmbrgtb68 nnmbrgtb68 <nnmbrgtb68.pfb
nnmbrgtbo68 nnmbrgtb68 " .2 SlantFont " <nnmbrgtb68.pfb
nnmbrgtb69 nnmbrgtb69 <nnmbrgtb69.pfb
nnmbrgtbo69 nnmbrgtb69 " .2 SlantFont " <nnmbrgtb69.pfb
nnmbrgtb6a nnmbrgtb6a <nnmbrgtb6a.pfb
nnmbrgtbo6a nnmbrgtb6a " .2 SlantFont " <nnmbrgtb6a.pfb
nnmbrgtb6b nnmbrgtb6b <nnmbrgtb6b.pfb
nnmbrgtbo6b nnmbrgtb6b " .2 SlantFont " <nnmbrgtb6b.pfb
nnmbrgtb6c nnmbrgtb6c <nnmbrgtb6c.pfb
nnmbrgtbo6c nnmbrgtb6c " .2 SlantFont " <nnmbrgtb6c.pfb
nnmbrgtb6d nnmbrgtb6d <nnmbrgtb6d.pfb
nnmbrgtbo6d nnmbrgtb6d " .2 SlantFont " <nnmbrgtb6d.pfb
nnmbrgtb6e nnmbrgtb6e <nnmbrgtb6e.pfb
nnmbrgtbo6e nnmbrgtb6e " .2 SlantFont " <nnmbrgtb6e.pfb
nnmbrgtb6f nnmbrgtb6f <nnmbrgtb6f.pfb
nnmbrgtbo6f nnmbrgtb6f " .2 SlantFont " <nnmbrgtb6f.pfb
nnmbrgtb70 nnmbrgtb70 <nnmbrgtb70.pfb
nnmbrgtbo70 nnmbrgtb70 " .2 SlantFont " <nnmbrgtb70.pfb
nnmbrgtb71 nnmbrgtb71 <nnmbrgtb71.pfb
nnmbrgtbo71 nnmbrgtb71 " .2 SlantFont " <nnmbrgtb71.pfb
nnmbrgtb72 nnmbrgtb72 <nnmbrgtb72.pfb
nnmbrgtbo72 nnmbrgtb72 " .2 SlantFont " <nnmbrgtb72.pfb
nnmbrgtb73 nnmbrgtb73 <nnmbrgtb73.pfb
nnmbrgtbo73 nnmbrgtb73 " .2 SlantFont " <nnmbrgtb73.pfb
nnmbrgtb74 nnmbrgtb74 <nnmbrgtb74.pfb
nnmbrgtbo74 nnmbrgtb74 " .2 SlantFont " <nnmbrgtb74.pfb
nnmbrgtb75 nnmbrgtb75 <nnmbrgtb75.pfb
nnmbrgtbo75 nnmbrgtb75 " .2 SlantFont " <nnmbrgtb75.pfb
nnmbrgtb76 nnmbrgtb76 <nnmbrgtb76.pfb
nnmbrgtbo76 nnmbrgtb76 " .2 SlantFont " <nnmbrgtb76.pfb
nnmbrgtb77 nnmbrgtb77 <nnmbrgtb77.pfb
nnmbrgtbo77 nnmbrgtb77 " .2 SlantFont " <nnmbrgtb77.pfb
nnmbrgtb78 nnmbrgtb78 <nnmbrgtb78.pfb
nnmbrgtbo78 nnmbrgtb78 " .2 SlantFont " <nnmbrgtb78.pfb
nnmbrgtb79 nnmbrgtb79 <nnmbrgtb79.pfb
nnmbrgtbo79 nnmbrgtb79 " .2 SlantFont " <nnmbrgtb79.pfb
nnmbrgtb7a nnmbrgtb7a <nnmbrgtb7a.pfb
nnmbrgtbo7a nnmbrgtb7a " .2 SlantFont " <nnmbrgtb7a.pfb
nnmbrgtb7b nnmbrgtb7b <nnmbrgtb7b.pfb
nnmbrgtbo7b nnmbrgtb7b " .2 SlantFont " <nnmbrgtb7b.pfb
nnmbrgtb7c nnmbrgtb7c <nnmbrgtb7c.pfb
nnmbrgtbo7c nnmbrgtb7c " .2 SlantFont " <nnmbrgtb7c.pfb
nnmbrgtb7d nnmbrgtb7d <nnmbrgtb7d.pfb
nnmbrgtbo7d nnmbrgtb7d " .2 SlantFont " <nnmbrgtb7d.pfb
nnmbrgtb7e nnmbrgtb7e <nnmbrgtb7e.pfb
nnmbrgtbo7e nnmbrgtb7e " .2 SlantFont " <nnmbrgtb7e.pfb
nnmbrgtb7f nnmbrgtb7f <nnmbrgtb7f.pfb
nnmbrgtbo7f nnmbrgtb7f " .2 SlantFont " <nnmbrgtb7f.pfb
nnmbrgtb80 nnmbrgtb80 <nnmbrgtb80.pfb
nnmbrgtbo80 nnmbrgtb80 " .2 SlantFont " <nnmbrgtb80.pfb
nnmbrgtb81 nnmbrgtb81 <nnmbrgtb81.pfb
nnmbrgtbo81 nnmbrgtb81 " .2 SlantFont " <nnmbrgtb81.pfb
nnmbrgtb82 nnmbrgtb82 <nnmbrgtb82.pfb
nnmbrgtbo82 nnmbrgtb82 " .2 SlantFont " <nnmbrgtb82.pfb
nnmbrgtb83 nnmbrgtb83 <nnmbrgtb83.pfb
nnmbrgtbo83 nnmbrgtb83 " .2 SlantFont " <nnmbrgtb83.pfb
nnmbrgtb84 nnmbrgtb84 <nnmbrgtb84.pfb
nnmbrgtbo84 nnmbrgtb84 " .2 SlantFont " <nnmbrgtb84.pfb
nnmbrgtb85 nnmbrgtb85 <nnmbrgtb85.pfb
nnmbrgtbo85 nnmbrgtb85 " .2 SlantFont " <nnmbrgtb85.pfb
nnmbrgtb86 nnmbrgtb86 <nnmbrgtb86.pfb
nnmbrgtbo86 nnmbrgtb86 " .2 SlantFont " <nnmbrgtb86.pfb
nnmbrgtb87 nnmbrgtb87 <nnmbrgtb87.pfb
nnmbrgtbo87 nnmbrgtb87 " .2 SlantFont " <nnmbrgtb87.pfb
nnmbrgtb88 nnmbrgtb88 <nnmbrgtb88.pfb
nnmbrgtbo88 nnmbrgtb88 " .2 SlantFont " <nnmbrgtb88.pfb
nnmbrgtb89 nnmbrgtb89 <nnmbrgtb89.pfb
nnmbrgtbo89 nnmbrgtb89 " .2 SlantFont " <nnmbrgtb89.pfb
nnmbrgtb8a nnmbrgtb8a <nnmbrgtb8a.pfb
nnmbrgtbo8a nnmbrgtb8a " .2 SlantFont " <nnmbrgtb8a.pfb
nnmbrgtb8b nnmbrgtb8b <nnmbrgtb8b.pfb
nnmbrgtbo8b nnmbrgtb8b " .2 SlantFont " <nnmbrgtb8b.pfb
nnmbrgtb8c nnmbrgtb8c <nnmbrgtb8c.pfb
nnmbrgtbo8c nnmbrgtb8c " .2 SlantFont " <nnmbrgtb8c.pfb
nnmbrgtb8d nnmbrgtb8d <nnmbrgtb8d.pfb
nnmbrgtbo8d nnmbrgtb8d " .2 SlantFont " <nnmbrgtb8d.pfb
nnmbrgtb8e nnmbrgtb8e <nnmbrgtb8e.pfb
nnmbrgtbo8e nnmbrgtb8e " .2 SlantFont " <nnmbrgtb8e.pfb
nnmbrgtb8f nnmbrgtb8f <nnmbrgtb8f.pfb
nnmbrgtbo8f nnmbrgtb8f " .2 SlantFont " <nnmbrgtb8f.pfb
nnmbrgtb90 nnmbrgtb90 <nnmbrgtb90.pfb
nnmbrgtbo90 nnmbrgtb90 " .2 SlantFont " <nnmbrgtb90.pfb
nnmbrgtb91 nnmbrgtb91 <nnmbrgtb91.pfb
nnmbrgtbo91 nnmbrgtb91 " .2 SlantFont " <nnmbrgtb91.pfb
nnmbrgtb92 nnmbrgtb92 <nnmbrgtb92.pfb
nnmbrgtbo92 nnmbrgtb92 " .2 SlantFont " <nnmbrgtb92.pfb
nnmbrgtb93 nnmbrgtb93 <nnmbrgtb93.pfb
nnmbrgtbo93 nnmbrgtb93 " .2 SlantFont " <nnmbrgtb93.pfb
nnmbrgtb94 nnmbrgtb94 <nnmbrgtb94.pfb
nnmbrgtbo94 nnmbrgtb94 " .2 SlantFont " <nnmbrgtb94.pfb
nnmbrgtb95 nnmbrgtb95 <nnmbrgtb95.pfb
nnmbrgtbo95 nnmbrgtb95 " .2 SlantFont " <nnmbrgtb95.pfb
nnmbrgtb96 nnmbrgtb96 <nnmbrgtb96.pfb
nnmbrgtbo96 nnmbrgtb96 " .2 SlantFont " <nnmbrgtb96.pfb
nnmbrgtb97 nnmbrgtb97 <nnmbrgtb97.pfb
nnmbrgtbo97 nnmbrgtb97 " .2 SlantFont " <nnmbrgtb97.pfb
nnmbrgtb98 nnmbrgtb98 <nnmbrgtb98.pfb
nnmbrgtbo98 nnmbrgtb98 " .2 SlantFont " <nnmbrgtb98.pfb
nnmbrgtb99 nnmbrgtb99 <nnmbrgtb99.pfb
nnmbrgtbo99 nnmbrgtb99 " .2 SlantFont " <nnmbrgtb99.pfb
nnmbrgtb9a nnmbrgtb9a <nnmbrgtb9a.pfb
nnmbrgtbo9a nnmbrgtb9a " .2 SlantFont " <nnmbrgtb9a.pfb
nnmbrgtb9b nnmbrgtb9b <nnmbrgtb9b.pfb
nnmbrgtbo9b nnmbrgtb9b " .2 SlantFont " <nnmbrgtb9b.pfb
nnmbrgtb9c nnmbrgtb9c <nnmbrgtb9c.pfb
nnmbrgtbo9c nnmbrgtb9c " .2 SlantFont " <nnmbrgtb9c.pfb
nnmbrgtb9d nnmbrgtb9d <nnmbrgtb9d.pfb
nnmbrgtbo9d nnmbrgtb9d " .2 SlantFont " <nnmbrgtb9d.pfb
nnmbrgtb9e nnmbrgtb9e <nnmbrgtb9e.pfb
nnmbrgtbo9e nnmbrgtb9e " .2 SlantFont " <nnmbrgtb9e.pfb
nnmbrgtb9f nnmbrgtb9f <nnmbrgtb9f.pfb
nnmbrgtbo9f nnmbrgtb9f " .2 SlantFont " <nnmbrgtb9f.pfb
nnmbrgtbac nnmbrgtbac <nnmbrgtbac.pfb
nnmbrgtboac nnmbrgtbac " .2 SlantFont " <nnmbrgtbac.pfb
nnmbrgtbad nnmbrgtbad <nnmbrgtbad.pfb
nnmbrgtboad nnmbrgtbad " .2 SlantFont " <nnmbrgtbad.pfb
nnmbrgtbae nnmbrgtbae <nnmbrgtbae.pfb
nnmbrgtboae nnmbrgtbae " .2 SlantFont " <nnmbrgtbae.pfb
nnmbrgtbaf nnmbrgtbaf <nnmbrgtbaf.pfb
nnmbrgtboaf nnmbrgtbaf " .2 SlantFont " <nnmbrgtbaf.pfb
nnmbrgtbb0 nnmbrgtbb0 <nnmbrgtbb0.pfb
nnmbrgtbob0 nnmbrgtbb0 " .2 SlantFont " <nnmbrgtbb0.pfb
nnmbrgtbb1 nnmbrgtbb1 <nnmbrgtbb1.pfb
nnmbrgtbob1 nnmbrgtbb1 " .2 SlantFont " <nnmbrgtbb1.pfb
nnmbrgtbb2 nnmbrgtbb2 <nnmbrgtbb2.pfb
nnmbrgtbob2 nnmbrgtbb2 " .2 SlantFont " <nnmbrgtbb2.pfb
nnmbrgtbb3 nnmbrgtbb3 <nnmbrgtbb3.pfb
nnmbrgtbob3 nnmbrgtbb3 " .2 SlantFont " <nnmbrgtbb3.pfb
nnmbrgtbb4 nnmbrgtbb4 <nnmbrgtbb4.pfb
nnmbrgtbob4 nnmbrgtbb4 " .2 SlantFont " <nnmbrgtbb4.pfb
nnmbrgtbb5 nnmbrgtbb5 <nnmbrgtbb5.pfb
nnmbrgtbob5 nnmbrgtbb5 " .2 SlantFont " <nnmbrgtbb5.pfb
nnmbrgtbb6 nnmbrgtbb6 <nnmbrgtbb6.pfb
nnmbrgtbob6 nnmbrgtbb6 " .2 SlantFont " <nnmbrgtbb6.pfb
nnmbrgtbb7 nnmbrgtbb7 <nnmbrgtbb7.pfb
nnmbrgtbob7 nnmbrgtbb7 " .2 SlantFont " <nnmbrgtbb7.pfb
nnmbrgtbb8 nnmbrgtbb8 <nnmbrgtbb8.pfb
nnmbrgtbob8 nnmbrgtbb8 " .2 SlantFont " <nnmbrgtbb8.pfb
nnmbrgtbb9 nnmbrgtbb9 <nnmbrgtbb9.pfb
nnmbrgtbob9 nnmbrgtbb9 " .2 SlantFont " <nnmbrgtbb9.pfb
nnmbrgtbba nnmbrgtbba <nnmbrgtbba.pfb
nnmbrgtboba nnmbrgtbba " .2 SlantFont " <nnmbrgtbba.pfb
nnmbrgtbbb nnmbrgtbbb <nnmbrgtbbb.pfb
nnmbrgtbobb nnmbrgtbbb " .2 SlantFont " <nnmbrgtbbb.pfb
nnmbrgtbbc nnmbrgtbbc <nnmbrgtbbc.pfb
nnmbrgtbobc nnmbrgtbbc " .2 SlantFont " <nnmbrgtbbc.pfb
nnmbrgtbbd nnmbrgtbbd <nnmbrgtbbd.pfb
nnmbrgtbobd nnmbrgtbbd " .2 SlantFont " <nnmbrgtbbd.pfb
nnmbrgtbbe nnmbrgtbbe <nnmbrgtbbe.pfb
nnmbrgtbobe nnmbrgtbbe " .2 SlantFont " <nnmbrgtbbe.pfb
nnmbrgtbbf nnmbrgtbbf <nnmbrgtbbf.pfb
nnmbrgtbobf nnmbrgtbbf " .2 SlantFont " <nnmbrgtbbf.pfb
nnmbrgtbc0 nnmbrgtbc0 <nnmbrgtbc0.pfb
nnmbrgtboc0 nnmbrgtbc0 " .2 SlantFont " <nnmbrgtbc0.pfb
nnmbrgtbc1 nnmbrgtbc1 <nnmbrgtbc1.pfb
nnmbrgtboc1 nnmbrgtbc1 " .2 SlantFont " <nnmbrgtbc1.pfb
nnmbrgtbc2 nnmbrgtbc2 <nnmbrgtbc2.pfb
nnmbrgtboc2 nnmbrgtbc2 " .2 SlantFont " <nnmbrgtbc2.pfb
nnmbrgtbc3 nnmbrgtbc3 <nnmbrgtbc3.pfb
nnmbrgtboc3 nnmbrgtbc3 " .2 SlantFont " <nnmbrgtbc3.pfb
nnmbrgtbc4 nnmbrgtbc4 <nnmbrgtbc4.pfb
nnmbrgtboc4 nnmbrgtbc4 " .2 SlantFont " <nnmbrgtbc4.pfb
nnmbrgtbc5 nnmbrgtbc5 <nnmbrgtbc5.pfb
nnmbrgtboc5 nnmbrgtbc5 " .2 SlantFont " <nnmbrgtbc5.pfb
nnmbrgtbc6 nnmbrgtbc6 <nnmbrgtbc6.pfb
nnmbrgtboc6 nnmbrgtbc6 " .2 SlantFont " <nnmbrgtbc6.pfb
nnmbrgtbc7 nnmbrgtbc7 <nnmbrgtbc7.pfb
nnmbrgtboc7 nnmbrgtbc7 " .2 SlantFont " <nnmbrgtbc7.pfb
nnmbrgtbc8 nnmbrgtbc8 <nnmbrgtbc8.pfb
nnmbrgtboc8 nnmbrgtbc8 " .2 SlantFont " <nnmbrgtbc8.pfb
nnmbrgtbc9 nnmbrgtbc9 <nnmbrgtbc9.pfb
nnmbrgtboc9 nnmbrgtbc9 " .2 SlantFont " <nnmbrgtbc9.pfb
nnmbrgtbca nnmbrgtbca <nnmbrgtbca.pfb
nnmbrgtboca nnmbrgtbca " .2 SlantFont " <nnmbrgtbca.pfb
nnmbrgtbcb nnmbrgtbcb <nnmbrgtbcb.pfb
nnmbrgtbocb nnmbrgtbcb " .2 SlantFont " <nnmbrgtbcb.pfb
nnmbrgtbcc nnmbrgtbcc <nnmbrgtbcc.pfb
nnmbrgtbocc nnmbrgtbcc " .2 SlantFont " <nnmbrgtbcc.pfb
nnmbrgtbcd nnmbrgtbcd <nnmbrgtbcd.pfb
nnmbrgtbocd nnmbrgtbcd " .2 SlantFont " <nnmbrgtbcd.pfb
nnmbrgtbce nnmbrgtbce <nnmbrgtbce.pfb
nnmbrgtboce nnmbrgtbce " .2 SlantFont " <nnmbrgtbce.pfb
nnmbrgtbcf nnmbrgtbcf <nnmbrgtbcf.pfb
nnmbrgtbocf nnmbrgtbcf " .2 SlantFont " <nnmbrgtbcf.pfb
nnmbrgtbd0 nnmbrgtbd0 <nnmbrgtbd0.pfb
nnmbrgtbod0 nnmbrgtbd0 " .2 SlantFont " <nnmbrgtbd0.pfb
nnmbrgtbd1 nnmbrgtbd1 <nnmbrgtbd1.pfb
nnmbrgtbod1 nnmbrgtbd1 " .2 SlantFont " <nnmbrgtbd1.pfb
nnmbrgtbd2 nnmbrgtbd2 <nnmbrgtbd2.pfb
nnmbrgtbod2 nnmbrgtbd2 " .2 SlantFont " <nnmbrgtbd2.pfb
nnmbrgtbd3 nnmbrgtbd3 <nnmbrgtbd3.pfb
nnmbrgtbod3 nnmbrgtbd3 " .2 SlantFont " <nnmbrgtbd3.pfb
nnmbrgtbd4 nnmbrgtbd4 <nnmbrgtbd4.pfb
nnmbrgtbod4 nnmbrgtbd4 " .2 SlantFont " <nnmbrgtbd4.pfb
nnmbrgtbd5 nnmbrgtbd5 <nnmbrgtbd5.pfb
nnmbrgtbod5 nnmbrgtbd5 " .2 SlantFont " <nnmbrgtbd5.pfb
nnmbrgtbd6 nnmbrgtbd6 <nnmbrgtbd6.pfb
nnmbrgtbod6 nnmbrgtbd6 " .2 SlantFont " <nnmbrgtbd6.pfb
nnmbrgtbd7 nnmbrgtbd7 <nnmbrgtbd7.pfb
nnmbrgtbod7 nnmbrgtbd7 " .2 SlantFont " <nnmbrgtbd7.pfb
nnmbrgtbf9 nnmbrgtbf9 <nnmbrgtbf9.pfb
nnmbrgtbof9 nnmbrgtbf9 " .2 SlantFont " <nnmbrgtbf9.pfb
nnmbrgtbfa nnmbrgtbfa <nnmbrgtbfa.pfb
nnmbrgtbofa nnmbrgtbfa " .2 SlantFont " <nnmbrgtbfa.pfb
nnmbrgtbff nnmbrgtbff <nnmbrgtbff.pfb
nnmbrgtboff nnmbrgtbff " .2 SlantFont " <nnmbrgtbff.pfb
nnmbrgtm00 nnmbrgtm00 <nnmbrgtm00.pfb
nnmbrgtmo00 nnmbrgtm00 " .2 SlantFont " <nnmbrgtm00.pfb
nnmbrgtm01 nnmbrgtm01 <nnmbrgtm01.pfb
nnmbrgtmo01 nnmbrgtm01 " .2 SlantFont " <nnmbrgtm01.pfb
nnmbrgtm02 nnmbrgtm02 <nnmbrgtm02.pfb
nnmbrgtmo02 nnmbrgtm02 " .2 SlantFont " <nnmbrgtm02.pfb
nnmbrgtm03 nnmbrgtm03 <nnmbrgtm03.pfb
nnmbrgtmo03 nnmbrgtm03 " .2 SlantFont " <nnmbrgtm03.pfb
nnmbrgtm04 nnmbrgtm04 <nnmbrgtm04.pfb
nnmbrgtmo04 nnmbrgtm04 " .2 SlantFont " <nnmbrgtm04.pfb
nnmbrgtm20 nnmbrgtm20 <nnmbrgtm20.pfb
nnmbrgtmo20 nnmbrgtm20 " .2 SlantFont " <nnmbrgtm20.pfb
nnmbrgtm21 nnmbrgtm21 <nnmbrgtm21.pfb
nnmbrgtmo21 nnmbrgtm21 " .2 SlantFont " <nnmbrgtm21.pfb
nnmbrgtm22 nnmbrgtm22 <nnmbrgtm22.pfb
nnmbrgtmo22 nnmbrgtm22 " .2 SlantFont " <nnmbrgtm22.pfb
nnmbrgtm23 nnmbrgtm23 <nnmbrgtm23.pfb
nnmbrgtmo23 nnmbrgtm23 " .2 SlantFont " <nnmbrgtm23.pfb
nnmbrgtm24 nnmbrgtm24 <nnmbrgtm24.pfb
nnmbrgtmo24 nnmbrgtm24 " .2 SlantFont " <nnmbrgtm24.pfb
nnmbrgtm25 nnmbrgtm25 <nnmbrgtm25.pfb
nnmbrgtmo25 nnmbrgtm25 " .2 SlantFont " <nnmbrgtm25.pfb
nnmbrgtm26 nnmbrgtm26 <nnmbrgtm26.pfb
nnmbrgtmo26 nnmbrgtm26 " .2 SlantFont " <nnmbrgtm26.pfb
nnmbrgtm27 nnmbrgtm27 <nnmbrgtm27.pfb
nnmbrgtmo27 nnmbrgtm27 " .2 SlantFont " <nnmbrgtm27.pfb
nnmbrgtm30 nnmbrgtm30 <nnmbrgtm30.pfb
nnmbrgtmo30 nnmbrgtm30 " .2 SlantFont " <nnmbrgtm30.pfb
nnmbrgtm31 nnmbrgtm31 <nnmbrgtm31.pfb
nnmbrgtmo31 nnmbrgtm31 " .2 SlantFont " <nnmbrgtm31.pfb
nnmbrgtm32 nnmbrgtm32 <nnmbrgtm32.pfb
nnmbrgtmo32 nnmbrgtm32 " .2 SlantFont " <nnmbrgtm32.pfb
nnmbrgtm33 nnmbrgtm33 <nnmbrgtm33.pfb
nnmbrgtmo33 nnmbrgtm33 " .2 SlantFont " <nnmbrgtm33.pfb
nnmbrgtm4e nnmbrgtm4e <nnmbrgtm4e.pfb
nnmbrgtmo4e nnmbrgtm4e " .2 SlantFont " <nnmbrgtm4e.pfb
nnmbrgtm4f nnmbrgtm4f <nnmbrgtm4f.pfb
nnmbrgtmo4f nnmbrgtm4f " .2 SlantFont " <nnmbrgtm4f.pfb
nnmbrgtm50 nnmbrgtm50 <nnmbrgtm50.pfb
nnmbrgtmo50 nnmbrgtm50 " .2 SlantFont " <nnmbrgtm50.pfb
nnmbrgtm51 nnmbrgtm51 <nnmbrgtm51.pfb
nnmbrgtmo51 nnmbrgtm51 " .2 SlantFont " <nnmbrgtm51.pfb
nnmbrgtm52 nnmbrgtm52 <nnmbrgtm52.pfb
nnmbrgtmo52 nnmbrgtm52 " .2 SlantFont " <nnmbrgtm52.pfb
nnmbrgtm53 nnmbrgtm53 <nnmbrgtm53.pfb
nnmbrgtmo53 nnmbrgtm53 " .2 SlantFont " <nnmbrgtm53.pfb
nnmbrgtm54 nnmbrgtm54 <nnmbrgtm54.pfb
nnmbrgtmo54 nnmbrgtm54 " .2 SlantFont " <nnmbrgtm54.pfb
nnmbrgtm55 nnmbrgtm55 <nnmbrgtm55.pfb
nnmbrgtmo55 nnmbrgtm55 " .2 SlantFont " <nnmbrgtm55.pfb
nnmbrgtm56 nnmbrgtm56 <nnmbrgtm56.pfb
nnmbrgtmo56 nnmbrgtm56 " .2 SlantFont " <nnmbrgtm56.pfb
nnmbrgtm57 nnmbrgtm57 <nnmbrgtm57.pfb
nnmbrgtmo57 nnmbrgtm57 " .2 SlantFont " <nnmbrgtm57.pfb
nnmbrgtm58 nnmbrgtm58 <nnmbrgtm58.pfb
nnmbrgtmo58 nnmbrgtm58 " .2 SlantFont " <nnmbrgtm58.pfb
nnmbrgtm59 nnmbrgtm59 <nnmbrgtm59.pfb
nnmbrgtmo59 nnmbrgtm59 " .2 SlantFont " <nnmbrgtm59.pfb
nnmbrgtm5a nnmbrgtm5a <nnmbrgtm5a.pfb
nnmbrgtmo5a nnmbrgtm5a " .2 SlantFont " <nnmbrgtm5a.pfb
nnmbrgtm5b nnmbrgtm5b <nnmbrgtm5b.pfb
nnmbrgtmo5b nnmbrgtm5b " .2 SlantFont " <nnmbrgtm5b.pfb
nnmbrgtm5c nnmbrgtm5c <nnmbrgtm5c.pfb
nnmbrgtmo5c nnmbrgtm5c " .2 SlantFont " <nnmbrgtm5c.pfb
nnmbrgtm5d nnmbrgtm5d <nnmbrgtm5d.pfb
nnmbrgtmo5d nnmbrgtm5d " .2 SlantFont " <nnmbrgtm5d.pfb
nnmbrgtm5e nnmbrgtm5e <nnmbrgtm5e.pfb
nnmbrgtmo5e nnmbrgtm5e " .2 SlantFont " <nnmbrgtm5e.pfb
nnmbrgtm5f nnmbrgtm5f <nnmbrgtm5f.pfb
nnmbrgtmo5f nnmbrgtm5f " .2 SlantFont " <nnmbrgtm5f.pfb
nnmbrgtm60 nnmbrgtm60 <nnmbrgtm60.pfb
nnmbrgtmo60 nnmbrgtm60 " .2 SlantFont " <nnmbrgtm60.pfb
nnmbrgtm61 nnmbrgtm61 <nnmbrgtm61.pfb
nnmbrgtmo61 nnmbrgtm61 " .2 SlantFont " <nnmbrgtm61.pfb
nnmbrgtm62 nnmbrgtm62 <nnmbrgtm62.pfb
nnmbrgtmo62 nnmbrgtm62 " .2 SlantFont " <nnmbrgtm62.pfb
nnmbrgtm63 nnmbrgtm63 <nnmbrgtm63.pfb
nnmbrgtmo63 nnmbrgtm63 " .2 SlantFont " <nnmbrgtm63.pfb
nnmbrgtm64 nnmbrgtm64 <nnmbrgtm64.pfb
nnmbrgtmo64 nnmbrgtm64 " .2 SlantFont " <nnmbrgtm64.pfb
nnmbrgtm65 nnmbrgtm65 <nnmbrgtm65.pfb
nnmbrgtmo65 nnmbrgtm65 " .2 SlantFont " <nnmbrgtm65.pfb
nnmbrgtm66 nnmbrgtm66 <nnmbrgtm66.pfb
nnmbrgtmo66 nnmbrgtm66 " .2 SlantFont " <nnmbrgtm66.pfb
nnmbrgtm67 nnmbrgtm67 <nnmbrgtm67.pfb
nnmbrgtmo67 nnmbrgtm67 " .2 SlantFont " <nnmbrgtm67.pfb
nnmbrgtm68 nnmbrgtm68 <nnmbrgtm68.pfb
nnmbrgtmo68 nnmbrgtm68 " .2 SlantFont " <nnmbrgtm68.pfb
nnmbrgtm69 nnmbrgtm69 <nnmbrgtm69.pfb
nnmbrgtmo69 nnmbrgtm69 " .2 SlantFont " <nnmbrgtm69.pfb
nnmbrgtm6a nnmbrgtm6a <nnmbrgtm6a.pfb
nnmbrgtmo6a nnmbrgtm6a " .2 SlantFont " <nnmbrgtm6a.pfb
nnmbrgtm6b nnmbrgtm6b <nnmbrgtm6b.pfb
nnmbrgtmo6b nnmbrgtm6b " .2 SlantFont " <nnmbrgtm6b.pfb
nnmbrgtm6c nnmbrgtm6c <nnmbrgtm6c.pfb
nnmbrgtmo6c nnmbrgtm6c " .2 SlantFont " <nnmbrgtm6c.pfb
nnmbrgtm6d nnmbrgtm6d <nnmbrgtm6d.pfb
nnmbrgtmo6d nnmbrgtm6d " .2 SlantFont " <nnmbrgtm6d.pfb
nnmbrgtm6e nnmbrgtm6e <nnmbrgtm6e.pfb
nnmbrgtmo6e nnmbrgtm6e " .2 SlantFont " <nnmbrgtm6e.pfb
nnmbrgtm6f nnmbrgtm6f <nnmbrgtm6f.pfb
nnmbrgtmo6f nnmbrgtm6f " .2 SlantFont " <nnmbrgtm6f.pfb
nnmbrgtm70 nnmbrgtm70 <nnmbrgtm70.pfb
nnmbrgtmo70 nnmbrgtm70 " .2 SlantFont " <nnmbrgtm70.pfb
nnmbrgtm71 nnmbrgtm71 <nnmbrgtm71.pfb
nnmbrgtmo71 nnmbrgtm71 " .2 SlantFont " <nnmbrgtm71.pfb
nnmbrgtm72 nnmbrgtm72 <nnmbrgtm72.pfb
nnmbrgtmo72 nnmbrgtm72 " .2 SlantFont " <nnmbrgtm72.pfb
nnmbrgtm73 nnmbrgtm73 <nnmbrgtm73.pfb
nnmbrgtmo73 nnmbrgtm73 " .2 SlantFont " <nnmbrgtm73.pfb
nnmbrgtm74 nnmbrgtm74 <nnmbrgtm74.pfb
nnmbrgtmo74 nnmbrgtm74 " .2 SlantFont " <nnmbrgtm74.pfb
nnmbrgtm75 nnmbrgtm75 <nnmbrgtm75.pfb
nnmbrgtmo75 nnmbrgtm75 " .2 SlantFont " <nnmbrgtm75.pfb
nnmbrgtm76 nnmbrgtm76 <nnmbrgtm76.pfb
nnmbrgtmo76 nnmbrgtm76 " .2 SlantFont " <nnmbrgtm76.pfb
nnmbrgtm77 nnmbrgtm77 <nnmbrgtm77.pfb
nnmbrgtmo77 nnmbrgtm77 " .2 SlantFont " <nnmbrgtm77.pfb
nnmbrgtm78 nnmbrgtm78 <nnmbrgtm78.pfb
nnmbrgtmo78 nnmbrgtm78 " .2 SlantFont " <nnmbrgtm78.pfb
nnmbrgtm79 nnmbrgtm79 <nnmbrgtm79.pfb
nnmbrgtmo79 nnmbrgtm79 " .2 SlantFont " <nnmbrgtm79.pfb
nnmbrgtm7a nnmbrgtm7a <nnmbrgtm7a.pfb
nnmbrgtmo7a nnmbrgtm7a " .2 SlantFont " <nnmbrgtm7a.pfb
nnmbrgtm7b nnmbrgtm7b <nnmbrgtm7b.pfb
nnmbrgtmo7b nnmbrgtm7b " .2 SlantFont " <nnmbrgtm7b.pfb
nnmbrgtm7c nnmbrgtm7c <nnmbrgtm7c.pfb
nnmbrgtmo7c nnmbrgtm7c " .2 SlantFont " <nnmbrgtm7c.pfb
nnmbrgtm7d nnmbrgtm7d <nnmbrgtm7d.pfb
nnmbrgtmo7d nnmbrgtm7d " .2 SlantFont " <nnmbrgtm7d.pfb
nnmbrgtm7e nnmbrgtm7e <nnmbrgtm7e.pfb
nnmbrgtmo7e nnmbrgtm7e " .2 SlantFont " <nnmbrgtm7e.pfb
nnmbrgtm7f nnmbrgtm7f <nnmbrgtm7f.pfb
nnmbrgtmo7f nnmbrgtm7f " .2 SlantFont " <nnmbrgtm7f.pfb
nnmbrgtm80 nnmbrgtm80 <nnmbrgtm80.pfb
nnmbrgtmo80 nnmbrgtm80 " .2 SlantFont " <nnmbrgtm80.pfb
nnmbrgtm81 nnmbrgtm81 <nnmbrgtm81.pfb
nnmbrgtmo81 nnmbrgtm81 " .2 SlantFont " <nnmbrgtm81.pfb
nnmbrgtm82 nnmbrgtm82 <nnmbrgtm82.pfb
nnmbrgtmo82 nnmbrgtm82 " .2 SlantFont " <nnmbrgtm82.pfb
nnmbrgtm83 nnmbrgtm83 <nnmbrgtm83.pfb
nnmbrgtmo83 nnmbrgtm83 " .2 SlantFont " <nnmbrgtm83.pfb
nnmbrgtm84 nnmbrgtm84 <nnmbrgtm84.pfb
nnmbrgtmo84 nnmbrgtm84 " .2 SlantFont " <nnmbrgtm84.pfb
nnmbrgtm85 nnmbrgtm85 <nnmbrgtm85.pfb
nnmbrgtmo85 nnmbrgtm85 " .2 SlantFont " <nnmbrgtm85.pfb
nnmbrgtm86 nnmbrgtm86 <nnmbrgtm86.pfb
nnmbrgtmo86 nnmbrgtm86 " .2 SlantFont " <nnmbrgtm86.pfb
nnmbrgtm87 nnmbrgtm87 <nnmbrgtm87.pfb
nnmbrgtmo87 nnmbrgtm87 " .2 SlantFont " <nnmbrgtm87.pfb
nnmbrgtm88 nnmbrgtm88 <nnmbrgtm88.pfb
nnmbrgtmo88 nnmbrgtm88 " .2 SlantFont " <nnmbrgtm88.pfb
nnmbrgtm89 nnmbrgtm89 <nnmbrgtm89.pfb
nnmbrgtmo89 nnmbrgtm89 " .2 SlantFont " <nnmbrgtm89.pfb
nnmbrgtm8a nnmbrgtm8a <nnmbrgtm8a.pfb
nnmbrgtmo8a nnmbrgtm8a " .2 SlantFont " <nnmbrgtm8a.pfb
nnmbrgtm8b nnmbrgtm8b <nnmbrgtm8b.pfb
nnmbrgtmo8b nnmbrgtm8b " .2 SlantFont " <nnmbrgtm8b.pfb
nnmbrgtm8c nnmbrgtm8c <nnmbrgtm8c.pfb
nnmbrgtmo8c nnmbrgtm8c " .2 SlantFont " <nnmbrgtm8c.pfb
nnmbrgtm8d nnmbrgtm8d <nnmbrgtm8d.pfb
nnmbrgtmo8d nnmbrgtm8d " .2 SlantFont " <nnmbrgtm8d.pfb
nnmbrgtm8e nnmbrgtm8e <nnmbrgtm8e.pfb
nnmbrgtmo8e nnmbrgtm8e " .2 SlantFont " <nnmbrgtm8e.pfb
nnmbrgtm8f nnmbrgtm8f <nnmbrgtm8f.pfb
nnmbrgtmo8f nnmbrgtm8f " .2 SlantFont " <nnmbrgtm8f.pfb
nnmbrgtm90 nnmbrgtm90 <nnmbrgtm90.pfb
nnmbrgtmo90 nnmbrgtm90 " .2 SlantFont " <nnmbrgtm90.pfb
nnmbrgtm91 nnmbrgtm91 <nnmbrgtm91.pfb
nnmbrgtmo91 nnmbrgtm91 " .2 SlantFont " <nnmbrgtm91.pfb
nnmbrgtm92 nnmbrgtm92 <nnmbrgtm92.pfb
nnmbrgtmo92 nnmbrgtm92 " .2 SlantFont " <nnmbrgtm92.pfb
nnmbrgtm93 nnmbrgtm93 <nnmbrgtm93.pfb
nnmbrgtmo93 nnmbrgtm93 " .2 SlantFont " <nnmbrgtm93.pfb
nnmbrgtm94 nnmbrgtm94 <nnmbrgtm94.pfb
nnmbrgtmo94 nnmbrgtm94 " .2 SlantFont " <nnmbrgtm94.pfb
nnmbrgtm95 nnmbrgtm95 <nnmbrgtm95.pfb
nnmbrgtmo95 nnmbrgtm95 " .2 SlantFont " <nnmbrgtm95.pfb
nnmbrgtm96 nnmbrgtm96 <nnmbrgtm96.pfb
nnmbrgtmo96 nnmbrgtm96 " .2 SlantFont " <nnmbrgtm96.pfb
nnmbrgtm97 nnmbrgtm97 <nnmbrgtm97.pfb
nnmbrgtmo97 nnmbrgtm97 " .2 SlantFont " <nnmbrgtm97.pfb
nnmbrgtm98 nnmbrgtm98 <nnmbrgtm98.pfb
nnmbrgtmo98 nnmbrgtm98 " .2 SlantFont " <nnmbrgtm98.pfb
nnmbrgtm99 nnmbrgtm99 <nnmbrgtm99.pfb
nnmbrgtmo99 nnmbrgtm99 " .2 SlantFont " <nnmbrgtm99.pfb
nnmbrgtm9a nnmbrgtm9a <nnmbrgtm9a.pfb
nnmbrgtmo9a nnmbrgtm9a " .2 SlantFont " <nnmbrgtm9a.pfb
nnmbrgtm9b nnmbrgtm9b <nnmbrgtm9b.pfb
nnmbrgtmo9b nnmbrgtm9b " .2 SlantFont " <nnmbrgtm9b.pfb
nnmbrgtm9c nnmbrgtm9c <nnmbrgtm9c.pfb
nnmbrgtmo9c nnmbrgtm9c " .2 SlantFont " <nnmbrgtm9c.pfb
nnmbrgtm9d nnmbrgtm9d <nnmbrgtm9d.pfb
nnmbrgtmo9d nnmbrgtm9d " .2 SlantFont " <nnmbrgtm9d.pfb
nnmbrgtm9e nnmbrgtm9e <nnmbrgtm9e.pfb
nnmbrgtmo9e nnmbrgtm9e " .2 SlantFont " <nnmbrgtm9e.pfb
nnmbrgtm9f nnmbrgtm9f <nnmbrgtm9f.pfb
nnmbrgtmo9f nnmbrgtm9f " .2 SlantFont " <nnmbrgtm9f.pfb
nnmbrgtmac nnmbrgtmac <nnmbrgtmac.pfb
nnmbrgtmoac nnmbrgtmac " .2 SlantFont " <nnmbrgtmac.pfb
nnmbrgtmad nnmbrgtmad <nnmbrgtmad.pfb
nnmbrgtmoad nnmbrgtmad " .2 SlantFont " <nnmbrgtmad.pfb
nnmbrgtmae nnmbrgtmae <nnmbrgtmae.pfb
nnmbrgtmoae nnmbrgtmae " .2 SlantFont " <nnmbrgtmae.pfb
nnmbrgtmaf nnmbrgtmaf <nnmbrgtmaf.pfb
nnmbrgtmoaf nnmbrgtmaf " .2 SlantFont " <nnmbrgtmaf.pfb
nnmbrgtmb0 nnmbrgtmb0 <nnmbrgtmb0.pfb
nnmbrgtmob0 nnmbrgtmb0 " .2 SlantFont " <nnmbrgtmb0.pfb
nnmbrgtmb1 nnmbrgtmb1 <nnmbrgtmb1.pfb
nnmbrgtmob1 nnmbrgtmb1 " .2 SlantFont " <nnmbrgtmb1.pfb
nnmbrgtmb2 nnmbrgtmb2 <nnmbrgtmb2.pfb
nnmbrgtmob2 nnmbrgtmb2 " .2 SlantFont " <nnmbrgtmb2.pfb
nnmbrgtmb3 nnmbrgtmb3 <nnmbrgtmb3.pfb
nnmbrgtmob3 nnmbrgtmb3 " .2 SlantFont " <nnmbrgtmb3.pfb
nnmbrgtmb4 nnmbrgtmb4 <nnmbrgtmb4.pfb
nnmbrgtmob4 nnmbrgtmb4 " .2 SlantFont " <nnmbrgtmb4.pfb
nnmbrgtmb5 nnmbrgtmb5 <nnmbrgtmb5.pfb
nnmbrgtmob5 nnmbrgtmb5 " .2 SlantFont " <nnmbrgtmb5.pfb
nnmbrgtmb6 nnmbrgtmb6 <nnmbrgtmb6.pfb
nnmbrgtmob6 nnmbrgtmb6 " .2 SlantFont " <nnmbrgtmb6.pfb
nnmbrgtmb7 nnmbrgtmb7 <nnmbrgtmb7.pfb
nnmbrgtmob7 nnmbrgtmb7 " .2 SlantFont " <nnmbrgtmb7.pfb
nnmbrgtmb8 nnmbrgtmb8 <nnmbrgtmb8.pfb
nnmbrgtmob8 nnmbrgtmb8 " .2 SlantFont " <nnmbrgtmb8.pfb
nnmbrgtmb9 nnmbrgtmb9 <nnmbrgtmb9.pfb
nnmbrgtmob9 nnmbrgtmb9 " .2 SlantFont " <nnmbrgtmb9.pfb
nnmbrgtmba nnmbrgtmba <nnmbrgtmba.pfb
nnmbrgtmoba nnmbrgtmba " .2 SlantFont " <nnmbrgtmba.pfb
nnmbrgtmbb nnmbrgtmbb <nnmbrgtmbb.pfb
nnmbrgtmobb nnmbrgtmbb " .2 SlantFont " <nnmbrgtmbb.pfb
nnmbrgtmbc nnmbrgtmbc <nnmbrgtmbc.pfb
nnmbrgtmobc nnmbrgtmbc " .2 SlantFont " <nnmbrgtmbc.pfb
nnmbrgtmbd nnmbrgtmbd <nnmbrgtmbd.pfb
nnmbrgtmobd nnmbrgtmbd " .2 SlantFont " <nnmbrgtmbd.pfb
nnmbrgtmbe nnmbrgtmbe <nnmbrgtmbe.pfb
nnmbrgtmobe nnmbrgtmbe " .2 SlantFont " <nnmbrgtmbe.pfb
nnmbrgtmbf nnmbrgtmbf <nnmbrgtmbf.pfb
nnmbrgtmobf nnmbrgtmbf " .2 SlantFont " <nnmbrgtmbf.pfb
nnmbrgtmc0 nnmbrgtmc0 <nnmbrgtmc0.pfb
nnmbrgtmoc0 nnmbrgtmc0 " .2 SlantFont " <nnmbrgtmc0.pfb
nnmbrgtmc1 nnmbrgtmc1 <nnmbrgtmc1.pfb
nnmbrgtmoc1 nnmbrgtmc1 " .2 SlantFont " <nnmbrgtmc1.pfb
nnmbrgtmc2 nnmbrgtmc2 <nnmbrgtmc2.pfb
nnmbrgtmoc2 nnmbrgtmc2 " .2 SlantFont " <nnmbrgtmc2.pfb
nnmbrgtmc3 nnmbrgtmc3 <nnmbrgtmc3.pfb
nnmbrgtmoc3 nnmbrgtmc3 " .2 SlantFont " <nnmbrgtmc3.pfb
nnmbrgtmc4 nnmbrgtmc4 <nnmbrgtmc4.pfb
nnmbrgtmoc4 nnmbrgtmc4 " .2 SlantFont " <nnmbrgtmc4.pfb
nnmbrgtmc5 nnmbrgtmc5 <nnmbrgtmc5.pfb
nnmbrgtmoc5 nnmbrgtmc5 " .2 SlantFont " <nnmbrgtmc5.pfb
nnmbrgtmc6 nnmbrgtmc6 <nnmbrgtmc6.pfb
nnmbrgtmoc6 nnmbrgtmc6 " .2 SlantFont " <nnmbrgtmc6.pfb
nnmbrgtmc7 nnmbrgtmc7 <nnmbrgtmc7.pfb
nnmbrgtmoc7 nnmbrgtmc7 " .2 SlantFont " <nnmbrgtmc7.pfb
nnmbrgtmc8 nnmbrgtmc8 <nnmbrgtmc8.pfb
nnmbrgtmoc8 nnmbrgtmc8 " .2 SlantFont " <nnmbrgtmc8.pfb
nnmbrgtmc9 nnmbrgtmc9 <nnmbrgtmc9.pfb
nnmbrgtmoc9 nnmbrgtmc9 " .2 SlantFont " <nnmbrgtmc9.pfb
nnmbrgtmca nnmbrgtmca <nnmbrgtmca.pfb
nnmbrgtmoca nnmbrgtmca " .2 SlantFont " <nnmbrgtmca.pfb
nnmbrgtmcb nnmbrgtmcb <nnmbrgtmcb.pfb
nnmbrgtmocb nnmbrgtmcb " .2 SlantFont " <nnmbrgtmcb.pfb
nnmbrgtmcc nnmbrgtmcc <nnmbrgtmcc.pfb
nnmbrgtmocc nnmbrgtmcc " .2 SlantFont " <nnmbrgtmcc.pfb
nnmbrgtmcd nnmbrgtmcd <nnmbrgtmcd.pfb
nnmbrgtmocd nnmbrgtmcd " .2 SlantFont " <nnmbrgtmcd.pfb
nnmbrgtmce nnmbrgtmce <nnmbrgtmce.pfb
nnmbrgtmoce nnmbrgtmce " .2 SlantFont " <nnmbrgtmce.pfb
nnmbrgtmcf nnmbrgtmcf <nnmbrgtmcf.pfb
nnmbrgtmocf nnmbrgtmcf " .2 SlantFont " <nnmbrgtmcf.pfb
nnmbrgtmd0 nnmbrgtmd0 <nnmbrgtmd0.pfb
nnmbrgtmod0 nnmbrgtmd0 " .2 SlantFont " <nnmbrgtmd0.pfb
nnmbrgtmd1 nnmbrgtmd1 <nnmbrgtmd1.pfb
nnmbrgtmod1 nnmbrgtmd1 " .2 SlantFont " <nnmbrgtmd1.pfb
nnmbrgtmd2 nnmbrgtmd2 <nnmbrgtmd2.pfb
nnmbrgtmod2 nnmbrgtmd2 " .2 SlantFont " <nnmbrgtmd2.pfb
nnmbrgtmd3 nnmbrgtmd3 <nnmbrgtmd3.pfb
nnmbrgtmod3 nnmbrgtmd3 " .2 SlantFont " <nnmbrgtmd3.pfb
nnmbrgtmd4 nnmbrgtmd4 <nnmbrgtmd4.pfb
nnmbrgtmod4 nnmbrgtmd4 " .2 SlantFont " <nnmbrgtmd4.pfb
nnmbrgtmd5 nnmbrgtmd5 <nnmbrgtmd5.pfb
nnmbrgtmod5 nnmbrgtmd5 " .2 SlantFont " <nnmbrgtmd5.pfb
nnmbrgtmd6 nnmbrgtmd6 <nnmbrgtmd6.pfb
nnmbrgtmod6 nnmbrgtmd6 " .2 SlantFont " <nnmbrgtmd6.pfb
nnmbrgtmd7 nnmbrgtmd7 <nnmbrgtmd7.pfb
nnmbrgtmod7 nnmbrgtmd7 " .2 SlantFont " <nnmbrgtmd7.pfb
nnmbrgtmf9 nnmbrgtmf9 <nnmbrgtmf9.pfb
nnmbrgtmof9 nnmbrgtmf9 " .2 SlantFont " <nnmbrgtmf9.pfb
nnmbrgtmfa nnmbrgtmfa <nnmbrgtmfa.pfb
nnmbrgtmofa nnmbrgtmfa " .2 SlantFont " <nnmbrgtmfa.pfb
nnmbrgtmff nnmbrgtmff <nnmbrgtmff.pfb
nnmbrgtmoff nnmbrgtmff " .2 SlantFont " <nnmbrgtmff.pfb
t1nnmbrgtb t1nnmbrgtb <t1nnmbrgtb.pfb
t1nnmbrgtbo t1nnmbrgtb " .2 SlantFont " <t1nnmbrgtb.pfb
t1nnmbrgtm t1nnmbrgtm <t1nnmbrgtm.pfb
t1nnmbrgtmo t1nnmbrgtm " .2 SlantFont " <t1nnmbrgtm.pfb
